// Jest Snapshot v1, https://goo.gl/fbAQLP

exports[`renders correctly 1`] = `
<View
  style={
    Object {
      "alignItems": "center",
      "flex": 1,
      "justifyContent": "center",
    }
  }
>
  <Text
    style={
      Object {
        "fontSize": 20,
        "fontWeight": "bold",
      }
    }
  >
    Home
  </Text>
  <View
    darkColor="rgba(255,255,255,0.1)"
    lightColor="#eee"
    style={
      Object {
        "height": 1,
        "marginVertical": 30,
        "width": "80%",
      }
    }
  />
</View>
`;
